2024-01-22 14:11:46 error: [Cake\Database\Exception\MissingConnectionException] Connection to Mysql could not be established: SQLSTATE[HY000] [2002] No such file or directory in /var/www/html/core/core/vendor/cakephp/cakephp/src/Database/Driver.php on line 133
Stack Trace:
- /var/www/html/core/core/vendor/cakephp/cakephp/src/Database/Driver/Mysql.php:164
- /var/www/html/core/core/vendor/cakephp/cakephp/src/Database/Schema/SchemaDialect.php:51
- /var/www/html/core/core/vendor/cakephp/cakephp/src/Database/Driver/Mysql.php:216
- /var/www/html/core/core/vendor/cakephp/cakephp/src/Database/Schema/Collection.php:53
- /var/www/html/core/core/vendor/cakephp/cakephp/src/Database/Connection.php:418
- /var/www/html/core/core/vendor/cakephp/cakephp/src/ORM/Table.php:520
- /var/www/html/core/core/src/Model/Table/AppTable.php:44
- /var/www/html/core/core/plugins/Workflow/src/Model/Table/WorkflowModelsTable.php:13
- /var/www/html/core/core/vendor/cakephp/cakephp/src/ORM/Table.php:323
- /var/www/html/core/core/vendor/cakephp/cakephp/src/ORM/Locator/TableLocator.php:307
- /var/www/html/core/core/vendor/cakephp/cakephp/src/ORM/Locator/TableLocator.php:262
- /var/www/html/core/core/vendor/cakephp/cakephp/src/Datasource/Locator/AbstractLocator.php:68
- /var/www/html/core/core/vendor/cakephp/cakephp/src/ORM/Locator/TableLocator.php:205
- /var/www/html/core/core/vendor/cakephp/cakephp/src/ORM/TableRegistry.php:95
- /var/www/html/core/core/plugins/Workflow/src/Controller/Component/WorkflowComponent.php:30
- /var/www/html/core/core/vendor/cakephp/cakephp/src/Controller/Component.php:113
- /var/www/html/core/core/vendor/cakephp/cakephp/src/Controller/ComponentRegistry.php:133
- /var/www/html/core/core/vendor/cakephp/cakephp/src/Core/ObjectRegistry.php:110
- /var/www/html/core/core/vendor/cakephp/cakephp/src/Controller/Controller.php:304
- /var/www/html/core/core/src/Controller/AppController.php:168
- /var/www/html/core/core/plugins/Training/src/Controller/TrainingsController.php:14
- /var/www/html/core/core/vendor/cakephp/cakephp/src/Controller/Controller.php:229
- [internal]:??
- /var/www/html/core/core/vendor/cakephp/cakephp/src/Controller/ControllerFactory.php:87
- /var/www/html/core/core/vendor/cakephp/cakephp/src/Http/BaseApplication.php:318
- /var/www/html/core/core/vendor/cakephp/cakephp/src/Http/Runner.php:86
- /var/www/html/core/core/vendor/cakephp/cakephp/src/Http/Middleware/BodyParserMiddleware.php:157
- /var/www/html/core/core/vendor/cakephp/cakephp/src/Http/Runner.php:82
- /var/www/html/core/core/vendor/cakephp/cakephp/src/Routing/Middleware/RoutingMiddleware.php:186
- /var/www/html/core/core/vendor/cakephp/cakephp/src/Http/Runner.php:82
- /var/www/html/core/core/vendor/cakephp/cakephp/src/Routing/Middleware/AssetMiddleware.php:68
- /var/www/html/core/core/vendor/cakephp/cakephp/src/Http/Runner.php:82
- /var/www/html/core/core/vendor/cakephp/cakephp/src/Error/Middleware/ErrorHandlerMiddleware.php:131
- /var/www/html/core/core/vendor/cakephp/cakephp/src/Http/Runner.php:82
- /var/www/html/core/core/vendor/cakephp/cakephp/src/Http/Runner.php:67
- /var/www/html/core/core/vendor/cakephp/cakephp/src/Http/Server.php:90
- /var/www/html/core/core/webroot/index.php:40

Caused by: [PDOException] SQLSTATE[HY000] [2002] No such file or directory in /var/www/html/core/core/vendor/cakephp/cakephp/src/Database/Driver.php on line 125
Stack Trace:
- /var/www/html/core/core/vendor/cakephp/cakephp/src/Database/Driver.php:125
- /var/www/html/core/core/vendor/cakephp/cakephp/src/Core/Retry/CommandRetry.php:70
- /var/www/html/core/core/vendor/cakephp/cakephp/src/Database/Driver.php:131
- /var/www/html/core/core/vendor/cakephp/cakephp/src/Database/Driver/Mysql.php:164
- /var/www/html/core/core/vendor/cakephp/cakephp/src/Database/Schema/SchemaDialect.php:51
- /var/www/html/core/core/vendor/cakephp/cakephp/src/Database/Driver/Mysql.php:216
- /var/www/html/core/core/vendor/cakephp/cakephp/src/Database/Schema/Collection.php:53
- /var/www/html/core/core/vendor/cakephp/cakephp/src/Database/Connection.php:418
- /var/www/html/core/core/vendor/cakephp/cakephp/src/ORM/Table.php:520
- /var/www/html/core/core/src/Model/Table/AppTable.php:44
- /var/www/html/core/core/plugins/Workflow/src/Model/Table/WorkflowModelsTable.php:13
- /var/www/html/core/core/vendor/cakephp/cakephp/src/ORM/Table.php:323
- /var/www/html/core/core/vendor/cakephp/cakephp/src/ORM/Locator/TableLocator.php:307
- /var/www/html/core/core/vendor/cakephp/cakephp/src/ORM/Locator/TableLocator.php:262
- /var/www/html/core/core/vendor/cakephp/cakephp/src/Datasource/Locator/AbstractLocator.php:68
- /var/www/html/core/core/vendor/cakephp/cakephp/src/ORM/Locator/TableLocator.php:205
- /var/www/html/core/core/vendor/cakephp/cakephp/src/ORM/TableRegistry.php:95
- /var/www/html/core/core/plugins/Workflow/src/Controller/Component/WorkflowComponent.php:30
- /var/www/html/core/core/vendor/cakephp/cakephp/src/Controller/Component.php:113
- /var/www/html/core/core/vendor/cakephp/cakephp/src/Controller/ComponentRegistry.php:133
- /var/www/html/core/core/vendor/cakephp/cakephp/src/Core/ObjectRegistry.php:110
- /var/www/html/core/core/vendor/cakephp/cakephp/src/Controller/Controller.php:304
- /var/www/html/core/core/src/Controller/AppController.php:168
- /var/www/html/core/core/plugins/Training/src/Controller/TrainingsController.php:14
- /var/www/html/core/core/vendor/cakephp/cakephp/src/Controller/Controller.php:229
- [internal]:??
- /var/www/html/core/core/vendor/cakephp/cakephp/src/Controller/ControllerFactory.php:87
- /var/www/html/core/core/vendor/cakephp/cakephp/src/Http/BaseApplication.php:318
- /var/www/html/core/core/vendor/cakephp/cakephp/src/Http/Runner.php:86
- /var/www/html/core/core/vendor/cakephp/cakephp/src/Http/Middleware/BodyParserMiddleware.php:157
- /var/www/html/core/core/vendor/cakephp/cakephp/src/Http/Runner.php:82
- /var/www/html/core/core/vendor/cakephp/cakephp/src/Routing/Middleware/RoutingMiddleware.php:186
- /var/www/html/core/core/vendor/cakephp/cakephp/src/Http/Runner.php:82
- /var/www/html/core/core/vendor/cakephp/cakephp/src/Routing/Middleware/AssetMiddleware.php:68
- /var/www/html/core/core/vendor/cakephp/cakephp/src/Http/Runner.php:82
- /var/www/html/core/core/vendor/cakephp/cakephp/src/Error/Middleware/ErrorHandlerMiddleware.php:131
- /var/www/html/core/core/vendor/cakephp/cakephp/src/Http/Runner.php:82
- /var/www/html/core/core/vendor/cakephp/cakephp/src/Http/Runner.php:67
- /var/www/html/core/core/vendor/cakephp/cakephp/src/Http/Server.php:90
- /var/www/html/core/core/webroot/index.php:40

Request URL: /Trainings/Sessions?category=2&level=1&%20area=1&%20period=2023&%20month=1
Referer URL: http://localhost:8182/core/Trainings/Sessions?month=1&category=1&%20level=1&%20area=1&%20period=2023
Client IP: 172.20.0.1
2024-01-22 14:11:46 error: [Cake\Database\Exception\MissingConnectionException] Connection to Mysql could not be established: SQLSTATE[HY000] [2002] No such file or directory in /var/www/html/core/core/vendor/cakephp/cakephp/src/Database/Driver.php on line 133
Stack Trace:
- /var/www/html/core/core/vendor/cakephp/cakephp/src/Database/Driver/Mysql.php:164
- /var/www/html/core/core/vendor/cakephp/cakephp/src/Database/Schema/SchemaDialect.php:51
- /var/www/html/core/core/vendor/cakephp/cakephp/src/Database/Driver/Mysql.php:216
- /var/www/html/core/core/vendor/cakephp/cakephp/src/Database/Schema/Collection.php:53
- /var/www/html/core/core/vendor/cakephp/cakephp/src/Database/Connection.php:418
- /var/www/html/core/core/vendor/cakephp/cakephp/src/ORM/Table.php:520
- /var/www/html/core/core/src/Model/Table/AppTable.php:44
- /var/www/html/core/core/plugins/Workflow/src/Model/Table/WorkflowModelsTable.php:13
- /var/www/html/core/core/vendor/cakephp/cakephp/src/ORM/Table.php:323
- /var/www/html/core/core/vendor/cakephp/cakephp/src/ORM/Locator/TableLocator.php:307
- /var/www/html/core/core/vendor/cakephp/cakephp/src/ORM/Locator/TableLocator.php:262
- /var/www/html/core/core/vendor/cakephp/cakephp/src/Datasource/Locator/AbstractLocator.php:68
- /var/www/html/core/core/vendor/cakephp/cakephp/src/ORM/Locator/TableLocator.php:205
- /var/www/html/core/core/vendor/cakephp/cakephp/src/ORM/TableRegistry.php:95
- /var/www/html/core/core/plugins/Workflow/src/Controller/Component/WorkflowComponent.php:30
- /var/www/html/core/core/vendor/cakephp/cakephp/src/Controller/Component.php:113
- /var/www/html/core/core/vendor/cakephp/cakephp/src/Controller/ComponentRegistry.php:133
- /var/www/html/core/core/vendor/cakephp/cakephp/src/Core/ObjectRegistry.php:110
- /var/www/html/core/core/vendor/cakephp/cakephp/src/Controller/Controller.php:304
- /var/www/html/core/core/src/Controller/AppController.php:168
- /var/www/html/core/core/plugins/Training/src/Controller/TrainingsController.php:14
- /var/www/html/core/core/vendor/cakephp/cakephp/src/Controller/Controller.php:229
- [internal]:??
- /var/www/html/core/core/vendor/cakephp/cakephp/src/Controller/ControllerFactory.php:87
- /var/www/html/core/core/vendor/cakephp/cakephp/src/Http/BaseApplication.php:318
- /var/www/html/core/core/vendor/cakephp/cakephp/src/Http/Runner.php:86
- /var/www/html/core/core/vendor/cakephp/cakephp/src/Http/Middleware/BodyParserMiddleware.php:157
- /var/www/html/core/core/vendor/cakephp/cakephp/src/Http/Runner.php:82
- /var/www/html/core/core/vendor/cakephp/cakephp/src/Routing/Middleware/RoutingMiddleware.php:186
- /var/www/html/core/core/vendor/cakephp/cakephp/src/Http/Runner.php:82
- /var/www/html/core/core/vendor/cakephp/cakephp/src/Routing/Middleware/AssetMiddleware.php:68
- /var/www/html/core/core/vendor/cakephp/cakephp/src/Http/Runner.php:82
- /var/www/html/core/core/vendor/cakephp/cakephp/src/Error/Middleware/ErrorHandlerMiddleware.php:131
- /var/www/html/core/core/vendor/cakephp/cakephp/src/Http/Runner.php:82
- /var/www/html/core/core/vendor/cakephp/cakephp/src/Http/Runner.php:67
- /var/www/html/core/core/vendor/cakephp/cakephp/src/Http/Server.php:90
- /var/www/html/core/core/webroot/index.php:40

Caused by: [PDOException] SQLSTATE[HY000] [2002] No such file or directory in /var/www/html/core/core/vendor/cakephp/cakephp/src/Database/Driver.php on line 125
Stack Trace:
- /var/www/html/core/core/vendor/cakephp/cakephp/src/Database/Driver.php:125
- /var/www/html/core/core/vendor/cakephp/cakephp/src/Core/Retry/CommandRetry.php:70
- /var/www/html/core/core/vendor/cakephp/cakephp/src/Database/Driver.php:131
- /var/www/html/core/core/vendor/cakephp/cakephp/src/Database/Driver/Mysql.php:164
- /var/www/html/core/core/vendor/cakephp/cakephp/src/Database/Schema/SchemaDialect.php:51
- /var/www/html/core/core/vendor/cakephp/cakephp/src/Database/Driver/Mysql.php:216
- /var/www/html/core/core/vendor/cakephp/cakephp/src/Database/Schema/Collection.php:53
- /var/www/html/core/core/vendor/cakephp/cakephp/src/Database/Connection.php:418
- /var/www/html/core/core/vendor/cakephp/cakephp/src/ORM/Table.php:520
- /var/www/html/core/core/src/Model/Table/AppTable.php:44
- /var/www/html/core/core/plugins/Workflow/src/Model/Table/WorkflowModelsTable.php:13
- /var/www/html/core/core/vendor/cakephp/cakephp/src/ORM/Table.php:323
- /var/www/html/core/core/vendor/cakephp/cakephp/src/ORM/Locator/TableLocator.php:307
- /var/www/html/core/core/vendor/cakephp/cakephp/src/ORM/Locator/TableLocator.php:262
- /var/www/html/core/core/vendor/cakephp/cakephp/src/Datasource/Locator/AbstractLocator.php:68
- /var/www/html/core/core/vendor/cakephp/cakephp/src/ORM/Locator/TableLocator.php:205
- /var/www/html/core/core/vendor/cakephp/cakephp/src/ORM/TableRegistry.php:95
- /var/www/html/core/core/plugins/Workflow/src/Controller/Component/WorkflowComponent.php:30
- /var/www/html/core/core/vendor/cakephp/cakephp/src/Controller/Component.php:113
- /var/www/html/core/core/vendor/cakephp/cakephp/src/Controller/ComponentRegistry.php:133
- /var/www/html/core/core/vendor/cakephp/cakephp/src/Core/ObjectRegistry.php:110
- /var/www/html/core/core/vendor/cakephp/cakephp/src/Controller/Controller.php:304
- /var/www/html/core/core/src/Controller/AppController.php:168
- /var/www/html/core/core/plugins/Training/src/Controller/TrainingsController.php:14
- /var/www/html/core/core/vendor/cakephp/cakephp/src/Controller/Controller.php:229
- [internal]:??
- /var/www/html/core/core/vendor/cakephp/cakephp/src/Controller/ControllerFactory.php:87
- /var/www/html/core/core/vendor/cakephp/cakephp/src/Http/BaseApplication.php:318
- /var/www/html/core/core/vendor/cakephp/cakephp/src/Http/Runner.php:86
- /var/www/html/core/core/vendor/cakephp/cakephp/src/Http/Middleware/BodyParserMiddleware.php:157
- /var/www/html/core/core/vendor/cakephp/cakephp/src/Http/Runner.php:82
- /var/www/html/core/core/vendor/cakephp/cakephp/src/Routing/Middleware/RoutingMiddleware.php:186
- /var/www/html/core/core/vendor/cakephp/cakephp/src/Http/Runner.php:82
- /var/www/html/core/core/vendor/cakephp/cakephp/src/Routing/Middleware/AssetMiddleware.php:68
- /var/www/html/core/core/vendor/cakephp/cakephp/src/Http/Runner.php:82
- /var/www/html/core/core/vendor/cakephp/cakephp/src/Error/Middleware/ErrorHandlerMiddleware.php:131
- /var/www/html/core/core/vendor/cakephp/cakephp/src/Http/Runner.php:82
- /var/www/html/core/core/vendor/cakephp/cakephp/src/Http/Runner.php:67
- /var/www/html/core/core/vendor/cakephp/cakephp/src/Http/Server.php:90
- /var/www/html/core/core/webroot/index.php:40

Request URL: /Trainings/Sessions?category=2&level=1&area=1&period=2023&month=1
Client IP: 172.20.0.1
2024-01-22 14:11:50 error: [Cake\Database\Exception\MissingConnectionException] Connection to Mysql could not be established: SQLSTATE[HY000] [2002] No such file or directory in /var/www/html/core/core/vendor/cakephp/cakephp/src/Database/Driver.php on line 133
Stack Trace:
- /var/www/html/core/core/vendor/cakephp/cakephp/src/Database/Driver/Mysql.php:164
- /var/www/html/core/core/vendor/cakephp/cakephp/src/Database/Schema/SchemaDialect.php:51
- /var/www/html/core/core/vendor/cakephp/cakephp/src/Database/Driver/Mysql.php:216
- /var/www/html/core/core/vendor/cakephp/cakephp/src/Database/Schema/Collection.php:53
- /var/www/html/core/core/vendor/cakephp/cakephp/src/Database/Connection.php:418
- /var/www/html/core/core/vendor/cakephp/cakephp/src/ORM/Table.php:520
- /var/www/html/core/core/src/Model/Table/AppTable.php:44
- /var/www/html/core/core/plugins/Workflow/src/Model/Table/WorkflowModelsTable.php:13
- /var/www/html/core/core/vendor/cakephp/cakephp/src/ORM/Table.php:323
- /var/www/html/core/core/vendor/cakephp/cakephp/src/ORM/Locator/TableLocator.php:307
- /var/www/html/core/core/vendor/cakephp/cakephp/src/ORM/Locator/TableLocator.php:262
- /var/www/html/core/core/vendor/cakephp/cakephp/src/Datasource/Locator/AbstractLocator.php:68
- /var/www/html/core/core/vendor/cakephp/cakephp/src/ORM/Locator/TableLocator.php:205
- /var/www/html/core/core/vendor/cakephp/cakephp/src/ORM/TableRegistry.php:95
- /var/www/html/core/core/plugins/Workflow/src/Controller/Component/WorkflowComponent.php:30
- /var/www/html/core/core/vendor/cakephp/cakephp/src/Controller/Component.php:113
- /var/www/html/core/core/vendor/cakephp/cakephp/src/Controller/ComponentRegistry.php:133
- /var/www/html/core/core/vendor/cakephp/cakephp/src/Core/ObjectRegistry.php:110
- /var/www/html/core/core/vendor/cakephp/cakephp/src/Controller/Controller.php:304
- /var/www/html/core/core/src/Controller/AppController.php:168
- /var/www/html/core/core/plugins/Training/src/Controller/TrainingsController.php:14
- /var/www/html/core/core/vendor/cakephp/cakephp/src/Controller/Controller.php:229
- [internal]:??
- /var/www/html/core/core/vendor/cakephp/cakephp/src/Controller/ControllerFactory.php:87
- /var/www/html/core/core/vendor/cakephp/cakephp/src/Http/BaseApplication.php:318
- /var/www/html/core/core/vendor/cakephp/cakephp/src/Http/Runner.php:86
- /var/www/html/core/core/vendor/cakephp/cakephp/src/Http/Middleware/BodyParserMiddleware.php:157
- /var/www/html/core/core/vendor/cakephp/cakephp/src/Http/Runner.php:82
- /var/www/html/core/core/vendor/cakephp/cakephp/src/Routing/Middleware/RoutingMiddleware.php:186
- /var/www/html/core/core/vendor/cakephp/cakephp/src/Http/Runner.php:82
- /var/www/html/core/core/vendor/cakephp/cakephp/src/Routing/Middleware/AssetMiddleware.php:68
- /var/www/html/core/core/vendor/cakephp/cakephp/src/Http/Runner.php:82
- /var/www/html/core/core/vendor/cakephp/cakephp/src/Error/Middleware/ErrorHandlerMiddleware.php:131
- /var/www/html/core/core/vendor/cakephp/cakephp/src/Http/Runner.php:82
- /var/www/html/core/core/vendor/cakephp/cakephp/src/Http/Runner.php:67
- /var/www/html/core/core/vendor/cakephp/cakephp/src/Http/Server.php:90
- /var/www/html/core/core/webroot/index.php:40

Caused by: [PDOException] SQLSTATE[HY000] [2002] No such file or directory in /var/www/html/core/core/vendor/cakephp/cakephp/src/Database/Driver.php on line 125
Stack Trace:
- /var/www/html/core/core/vendor/cakephp/cakephp/src/Database/Driver.php:125
- /var/www/html/core/core/vendor/cakephp/cakephp/src/Core/Retry/CommandRetry.php:70
- /var/www/html/core/core/vendor/cakephp/cakephp/src/Database/Driver.php:131
- /var/www/html/core/core/vendor/cakephp/cakephp/src/Database/Driver/Mysql.php:164
- /var/www/html/core/core/vendor/cakephp/cakephp/src/Database/Schema/SchemaDialect.php:51
- /var/www/html/core/core/vendor/cakephp/cakephp/src/Database/Driver/Mysql.php:216
- /var/www/html/core/core/vendor/cakephp/cakephp/src/Database/Schema/Collection.php:53
- /var/www/html/core/core/vendor/cakephp/cakephp/src/Database/Connection.php:418
- /var/www/html/core/core/vendor/cakephp/cakephp/src/ORM/Table.php:520
- /var/www/html/core/core/src/Model/Table/AppTable.php:44
- /var/www/html/core/core/plugins/Workflow/src/Model/Table/WorkflowModelsTable.php:13
- /var/www/html/core/core/vendor/cakephp/cakephp/src/ORM/Table.php:323
- /var/www/html/core/core/vendor/cakephp/cakephp/src/ORM/Locator/TableLocator.php:307
- /var/www/html/core/core/vendor/cakephp/cakephp/src/ORM/Locator/TableLocator.php:262
- /var/www/html/core/core/vendor/cakephp/cakephp/src/Datasource/Locator/AbstractLocator.php:68
- /var/www/html/core/core/vendor/cakephp/cakephp/src/ORM/Locator/TableLocator.php:205
- /var/www/html/core/core/vendor/cakephp/cakephp/src/ORM/TableRegistry.php:95
- /var/www/html/core/core/plugins/Workflow/src/Controller/Component/WorkflowComponent.php:30
- /var/www/html/core/core/vendor/cakephp/cakephp/src/Controller/Component.php:113
- /var/www/html/core/core/vendor/cakephp/cakephp/src/Controller/ComponentRegistry.php:133
- /var/www/html/core/core/vendor/cakephp/cakephp/src/Core/ObjectRegistry.php:110
- /var/www/html/core/core/vendor/cakephp/cakephp/src/Controller/Controller.php:304
- /var/www/html/core/core/src/Controller/AppController.php:168
- /var/www/html/core/core/plugins/Training/src/Controller/TrainingsController.php:14
- /var/www/html/core/core/vendor/cakephp/cakephp/src/Controller/Controller.php:229
- [internal]:??
- /var/www/html/core/core/vendor/cakephp/cakephp/src/Controller/ControllerFactory.php:87
- /var/www/html/core/core/vendor/cakephp/cakephp/src/Http/BaseApplication.php:318
- /var/www/html/core/core/vendor/cakephp/cakephp/src/Http/Runner.php:86
- /var/www/html/core/core/vendor/cakephp/cakephp/src/Http/Middleware/BodyParserMiddleware.php:157
- /var/www/html/core/core/vendor/cakephp/cakephp/src/Http/Runner.php:82
- /var/www/html/core/core/vendor/cakephp/cakephp/src/Routing/Middleware/RoutingMiddleware.php:186
- /var/www/html/core/core/vendor/cakephp/cakephp/src/Http/Runner.php:82
- /var/www/html/core/core/vendor/cakephp/cakephp/src/Routing/Middleware/AssetMiddleware.php:68
- /var/www/html/core/core/vendor/cakephp/cakephp/src/Http/Runner.php:82
- /var/www/html/core/core/vendor/cakephp/cakephp/src/Error/Middleware/ErrorHandlerMiddleware.php:131
- /var/www/html/core/core/vendor/cakephp/cakephp/src/Http/Runner.php:82
- /var/www/html/core/core/vendor/cakephp/cakephp/src/Http/Runner.php:67
- /var/www/html/core/core/vendor/cakephp/cakephp/src/Http/Server.php:90
- /var/www/html/core/core/webroot/index.php:40

Request URL: /Trainings/Sessions?month=1&category=1&%20level=1&%20area=1&%20period=2023
Referer URL: http://localhost:8182/core/Trainings/Sessions?period=2023&category=1&%20level=1&%20area=1&%20month=-1
Client IP: 172.20.0.1
2024-01-22 14:11:53 error: [Cake\Database\Exception\MissingConnectionException] Connection to Mysql could not be established: SQLSTATE[HY000] [2002] No such file or directory in /var/www/html/core/core/vendor/cakephp/cakephp/src/Database/Driver.php on line 133
Stack Trace:
- /var/www/html/core/core/vendor/cakephp/cakephp/src/Database/Driver/Mysql.php:164
- /var/www/html/core/core/vendor/cakephp/cakephp/src/Database/Schema/SchemaDialect.php:51
- /var/www/html/core/core/vendor/cakephp/cakephp/src/Database/Driver/Mysql.php:216
- /var/www/html/core/core/vendor/cakephp/cakephp/src/Database/Schema/Collection.php:53
- /var/www/html/core/core/vendor/cakephp/cakephp/src/Database/Connection.php:418
- /var/www/html/core/core/vendor/cakephp/cakephp/src/ORM/Table.php:520
- /var/www/html/core/core/src/Model/Table/AppTable.php:44
- /var/www/html/core/core/plugins/Workflow/src/Model/Table/WorkflowModelsTable.php:13
- /var/www/html/core/core/vendor/cakephp/cakephp/src/ORM/Table.php:323
- /var/www/html/core/core/vendor/cakephp/cakephp/src/ORM/Locator/TableLocator.php:307
- /var/www/html/core/core/vendor/cakephp/cakephp/src/ORM/Locator/TableLocator.php:262
- /var/www/html/core/core/vendor/cakephp/cakephp/src/Datasource/Locator/AbstractLocator.php:68
- /var/www/html/core/core/vendor/cakephp/cakephp/src/ORM/Locator/TableLocator.php:205
- /var/www/html/core/core/vendor/cakephp/cakephp/src/ORM/TableRegistry.php:95
- /var/www/html/core/core/plugins/Workflow/src/Controller/Component/WorkflowComponent.php:30
- /var/www/html/core/core/vendor/cakephp/cakephp/src/Controller/Component.php:113
- /var/www/html/core/core/vendor/cakephp/cakephp/src/Controller/ComponentRegistry.php:133
- /var/www/html/core/core/vendor/cakephp/cakephp/src/Core/ObjectRegistry.php:110
- /var/www/html/core/core/vendor/cakephp/cakephp/src/Controller/Controller.php:304
- /var/www/html/core/core/src/Controller/AppController.php:168
- /var/www/html/core/core/plugins/Training/src/Controller/TrainingsController.php:14
- /var/www/html/core/core/vendor/cakephp/cakephp/src/Controller/Controller.php:229
- [internal]:??
- /var/www/html/core/core/vendor/cakephp/cakephp/src/Controller/ControllerFactory.php:87
- /var/www/html/core/core/vendor/cakephp/cakephp/src/Http/BaseApplication.php:318
- /var/www/html/core/core/vendor/cakephp/cakephp/src/Http/Runner.php:86
- /var/www/html/core/core/vendor/cakephp/cakephp/src/Http/Middleware/BodyParserMiddleware.php:157
- /var/www/html/core/core/vendor/cakephp/cakephp/src/Http/Runner.php:82
- /var/www/html/core/core/vendor/cakephp/cakephp/src/Routing/Middleware/RoutingMiddleware.php:186
- /var/www/html/core/core/vendor/cakephp/cakephp/src/Http/Runner.php:82
- /var/www/html/core/core/vendor/cakephp/cakephp/src/Routing/Middleware/AssetMiddleware.php:68
- /var/www/html/core/core/vendor/cakephp/cakephp/src/Http/Runner.php:82
- /var/www/html/core/core/vendor/cakephp/cakephp/src/Error/Middleware/ErrorHandlerMiddleware.php:131
- /var/www/html/core/core/vendor/cakephp/cakephp/src/Http/Runner.php:82
- /var/www/html/core/core/vendor/cakephp/cakephp/src/Http/Runner.php:67
- /var/www/html/core/core/vendor/cakephp/cakephp/src/Http/Server.php:90
- /var/www/html/core/core/webroot/index.php:40

Caused by: [PDOException] SQLSTATE[HY000] [2002] No such file or directory in /var/www/html/core/core/vendor/cakephp/cakephp/src/Database/Driver.php on line 125
Stack Trace:
- /var/www/html/core/core/vendor/cakephp/cakephp/src/Database/Driver.php:125
- /var/www/html/core/core/vendor/cakephp/cakephp/src/Core/Retry/CommandRetry.php:70
- /var/www/html/core/core/vendor/cakephp/cakephp/src/Database/Driver.php:131
- /var/www/html/core/core/vendor/cakephp/cakephp/src/Database/Driver/Mysql.php:164
- /var/www/html/core/core/vendor/cakephp/cakephp/src/Database/Schema/SchemaDialect.php:51
- /var/www/html/core/core/vendor/cakephp/cakephp/src/Database/Driver/Mysql.php:216
- /var/www/html/core/core/vendor/cakephp/cakephp/src/Database/Schema/Collection.php:53
- /var/www/html/core/core/vendor/cakephp/cakephp/src/Database/Connection.php:418
- /var/www/html/core/core/vendor/cakephp/cakephp/src/ORM/Table.php:520
- /var/www/html/core/core/src/Model/Table/AppTable.php:44
- /var/www/html/core/core/plugins/Workflow/src/Model/Table/WorkflowModelsTable.php:13
- /var/www/html/core/core/vendor/cakephp/cakephp/src/ORM/Table.php:323
- /var/www/html/core/core/vendor/cakephp/cakephp/src/ORM/Locator/TableLocator.php:307
- /var/www/html/core/core/vendor/cakephp/cakephp/src/ORM/Locator/TableLocator.php:262
- /var/www/html/core/core/vendor/cakephp/cakephp/src/Datasource/Locator/AbstractLocator.php:68
- /var/www/html/core/core/vendor/cakephp/cakephp/src/ORM/Locator/TableLocator.php:205
- /var/www/html/core/core/vendor/cakephp/cakephp/src/ORM/TableRegistry.php:95
- /var/www/html/core/core/plugins/Workflow/src/Controller/Component/WorkflowComponent.php:30
- /var/www/html/core/core/vendor/cakephp/cakephp/src/Controller/Component.php:113
- /var/www/html/core/core/vendor/cakephp/cakephp/src/Controller/ComponentRegistry.php:133
- /var/www/html/core/core/vendor/cakephp/cakephp/src/Core/ObjectRegistry.php:110
- /var/www/html/core/core/vendor/cakephp/cakephp/src/Controller/Controller.php:304
- /var/www/html/core/core/src/Controller/AppController.php:168
- /var/www/html/core/core/plugins/Training/src/Controller/TrainingsController.php:14
- /var/www/html/core/core/vendor/cakephp/cakephp/src/Controller/Controller.php:229
- [internal]:??
- /var/www/html/core/core/vendor/cakephp/cakephp/src/Controller/ControllerFactory.php:87
- /var/www/html/core/core/vendor/cakephp/cakephp/src/Http/BaseApplication.php:318
- /var/www/html/core/core/vendor/cakephp/cakephp/src/Http/Runner.php:86
- /var/www/html/core/core/vendor/cakephp/cakephp/src/Http/Middleware/BodyParserMiddleware.php:157
- /var/www/html/core/core/vendor/cakephp/cakephp/src/Http/Runner.php:82
- /var/www/html/core/core/vendor/cakephp/cakephp/src/Routing/Middleware/RoutingMiddleware.php:186
- /var/www/html/core/core/vendor/cakephp/cakephp/src/Http/Runner.php:82
- /var/www/html/core/core/vendor/cakephp/cakephp/src/Routing/Middleware/AssetMiddleware.php:68
- /var/www/html/core/core/vendor/cakephp/cakephp/src/Http/Runner.php:82
- /var/www/html/core/core/vendor/cakephp/cakephp/src/Error/Middleware/ErrorHandlerMiddleware.php:131
- /var/www/html/core/core/vendor/cakephp/cakephp/src/Http/Runner.php:82
- /var/www/html/core/core/vendor/cakephp/cakephp/src/Http/Runner.php:67
- /var/www/html/core/core/vendor/cakephp/cakephp/src/Http/Server.php:90
- /var/www/html/core/core/webroot/index.php:40

Request URL: /Trainings/Sessions?period=2023&category=1&%20level=1&%20area=1&%20month=-1
Referer URL: http://localhost:8182/core/Trainings/Sessions?area=1&category=1&%20level=1&%20period=-1&%20month=-1
Client IP: 172.20.0.1
2024-01-22 14:11:55 error: [Cake\Database\Exception\MissingConnectionException] Connection to Mysql could not be established: SQLSTATE[HY000] [2002] No such file or directory in /var/www/html/core/core/vendor/cakephp/cakephp/src/Database/Driver.php on line 133
Stack Trace:
- /var/www/html/core/core/vendor/cakephp/cakephp/src/Database/Driver/Mysql.php:164
- /var/www/html/core/core/vendor/cakephp/cakephp/src/Database/Schema/SchemaDialect.php:51
- /var/www/html/core/core/vendor/cakephp/cakephp/src/Database/Driver/Mysql.php:216
- /var/www/html/core/core/vendor/cakephp/cakephp/src/Database/Schema/Collection.php:53
- /var/www/html/core/core/vendor/cakephp/cakephp/src/Database/Connection.php:418
- /var/www/html/core/core/vendor/cakephp/cakephp/src/ORM/Table.php:520
- /var/www/html/core/core/src/Model/Table/AppTable.php:44
- /var/www/html/core/core/plugins/Workflow/src/Model/Table/WorkflowModelsTable.php:13
- /var/www/html/core/core/vendor/cakephp/cakephp/src/ORM/Table.php:323
- /var/www/html/core/core/vendor/cakephp/cakephp/src/ORM/Locator/TableLocator.php:307
- /var/www/html/core/core/vendor/cakephp/cakephp/src/ORM/Locator/TableLocator.php:262
- /var/www/html/core/core/vendor/cakephp/cakephp/src/Datasource/Locator/AbstractLocator.php:68
- /var/www/html/core/core/vendor/cakephp/cakephp/src/ORM/Locator/TableLocator.php:205
- /var/www/html/core/core/vendor/cakephp/cakephp/src/ORM/TableRegistry.php:95
- /var/www/html/core/core/plugins/Workflow/src/Controller/Component/WorkflowComponent.php:30
- /var/www/html/core/core/vendor/cakephp/cakephp/src/Controller/Component.php:113
- /var/www/html/core/core/vendor/cakephp/cakephp/src/Controller/ComponentRegistry.php:133
- /var/www/html/core/core/vendor/cakephp/cakephp/src/Core/ObjectRegistry.php:110
- /var/www/html/core/core/vendor/cakephp/cakephp/src/Controller/Controller.php:304
- /var/www/html/core/core/src/Controller/AppController.php:168
- /var/www/html/core/core/plugins/Training/src/Controller/TrainingsController.php:14
- /var/www/html/core/core/vendor/cakephp/cakephp/src/Controller/Controller.php:229
- [internal]:??
- /var/www/html/core/core/vendor/cakephp/cakephp/src/Controller/ControllerFactory.php:87
- /var/www/html/core/core/vendor/cakephp/cakephp/src/Http/BaseApplication.php:318
- /var/www/html/core/core/vendor/cakephp/cakephp/src/Http/Runner.php:86
- /var/www/html/core/core/vendor/cakephp/cakephp/src/Http/Middleware/BodyParserMiddleware.php:157
- /var/www/html/core/core/vendor/cakephp/cakephp/src/Http/Runner.php:82
- /var/www/html/core/core/vendor/cakephp/cakephp/src/Routing/Middleware/RoutingMiddleware.php:186
- /var/www/html/core/core/vendor/cakephp/cakephp/src/Http/Runner.php:82
- /var/www/html/core/core/vendor/cakephp/cakephp/src/Routing/Middleware/AssetMiddleware.php:68
- /var/www/html/core/core/vendor/cakephp/cakephp/src/Http/Runner.php:82
- /var/www/html/core/core/vendor/cakephp/cakephp/src/Error/Middleware/ErrorHandlerMiddleware.php:131
- /var/www/html/core/core/vendor/cakephp/cakephp/src/Http/Runner.php:82
- /var/www/html/core/core/vendor/cakephp/cakephp/src/Http/Runner.php:67
- /var/www/html/core/core/vendor/cakephp/cakephp/src/Http/Server.php:90
- /var/www/html/core/core/webroot/index.php:40

Caused by: [PDOException] SQLSTATE[HY000] [2002] No such file or directory in /var/www/html/core/core/vendor/cakephp/cakephp/src/Database/Driver.php on line 125
Stack Trace:
- /var/www/html/core/core/vendor/cakephp/cakephp/src/Database/Driver.php:125
- /var/www/html/core/core/vendor/cakephp/cakephp/src/Core/Retry/CommandRetry.php:70
- /var/www/html/core/core/vendor/cakephp/cakephp/src/Database/Driver.php:131
- /var/www/html/core/core/vendor/cakephp/cakephp/src/Database/Driver/Mysql.php:164
- /var/www/html/core/core/vendor/cakephp/cakephp/src/Database/Schema/SchemaDialect.php:51
- /var/www/html/core/core/vendor/cakephp/cakephp/src/Database/Driver/Mysql.php:216
- /var/www/html/core/core/vendor/cakephp/cakephp/src/Database/Schema/Collection.php:53
- /var/www/html/core/core/vendor/cakephp/cakephp/src/Database/Connection.php:418
- /var/www/html/core/core/vendor/cakephp/cakephp/src/ORM/Table.php:520
- /var/www/html/core/core/src/Model/Table/AppTable.php:44
- /var/www/html/core/core/plugins/Workflow/src/Model/Table/WorkflowModelsTable.php:13
- /var/www/html/core/core/vendor/cakephp/cakephp/src/ORM/Table.php:323
- /var/www/html/core/core/vendor/cakephp/cakephp/src/ORM/Locator/TableLocator.php:307
- /var/www/html/core/core/vendor/cakephp/cakephp/src/ORM/Locator/TableLocator.php:262
- /var/www/html/core/core/vendor/cakephp/cakephp/src/Datasource/Locator/AbstractLocator.php:68
- /var/www/html/core/core/vendor/cakephp/cakephp/src/ORM/Locator/TableLocator.php:205
- /var/www/html/core/core/vendor/cakephp/cakephp/src/ORM/TableRegistry.php:95
- /var/www/html/core/core/plugins/Workflow/src/Controller/Component/WorkflowComponent.php:30
- /var/www/html/core/core/vendor/cakephp/cakephp/src/Controller/Component.php:113
- /var/www/html/core/core/vendor/cakephp/cakephp/src/Controller/ComponentRegistry.php:133
- /var/www/html/core/core/vendor/cakephp/cakephp/src/Core/ObjectRegistry.php:110
- /var/www/html/core/core/vendor/cakephp/cakephp/src/Controller/Controller.php:304
- /var/www/html/core/core/src/Controller/AppController.php:168
- /var/www/html/core/core/plugins/Training/src/Controller/TrainingsController.php:14
- /var/www/html/core/core/vendor/cakephp/cakephp/src/Controller/Controller.php:229
- [internal]:??
- /var/www/html/core/core/vendor/cakephp/cakephp/src/Controller/ControllerFactory.php:87
- /var/www/html/core/core/vendor/cakephp/cakephp/src/Http/BaseApplication.php:318
- /var/www/html/core/core/vendor/cakephp/cakephp/src/Http/Runner.php:86
- /var/www/html/core/core/vendor/cakephp/cakephp/src/Http/Middleware/BodyParserMiddleware.php:157
- /var/www/html/core/core/vendor/cakephp/cakephp/src/Http/Runner.php:82
- /var/www/html/core/core/vendor/cakephp/cakephp/src/Routing/Middleware/RoutingMiddleware.php:186
- /var/www/html/core/core/vendor/cakephp/cakephp/src/Http/Runner.php:82
- /var/www/html/core/core/vendor/cakephp/cakephp/src/Routing/Middleware/AssetMiddleware.php:68
- /var/www/html/core/core/vendor/cakephp/cakephp/src/Http/Runner.php:82
- /var/www/html/core/core/vendor/cakephp/cakephp/src/Error/Middleware/ErrorHandlerMiddleware.php:131
- /var/www/html/core/core/vendor/cakephp/cakephp/src/Http/Runner.php:82
- /var/www/html/core/core/vendor/cakephp/cakephp/src/Http/Runner.php:67
- /var/www/html/core/core/vendor/cakephp/cakephp/src/Http/Server.php:90
- /var/www/html/core/core/webroot/index.php:40

Request URL: /Trainings/Sessions?area=1&category=1&%20level=1&%20period=-1&%20month=-1
Referer URL: http://localhost:8182/core/Trainings/Sessions?level=1&category=1&%20area=-1&%20period=-1&%20month=-1
Client IP: 172.20.0.1
2024-01-22 14:12:00 error: [Cake\Database\Exception\MissingConnectionException] Connection to Mysql could not be established: SQLSTATE[HY000] [2002] No such file or directory in /var/www/html/core/core/vendor/cakephp/cakephp/src/Database/Driver.php on line 133
Stack Trace:
- /var/www/html/core/core/vendor/cakephp/cakephp/src/Database/Driver/Mysql.php:164
- /var/www/html/core/core/vendor/cakephp/cakephp/src/Database/Schema/SchemaDialect.php:51
- /var/www/html/core/core/vendor/cakephp/cakephp/src/Database/Driver/Mysql.php:216
- /var/www/html/core/core/vendor/cakephp/cakephp/src/Database/Schema/Collection.php:53
- /var/www/html/core/core/vendor/cakephp/cakephp/src/Database/Connection.php:418
- /var/www/html/core/core/vendor/cakephp/cakephp/src/ORM/Table.php:520
- /var/www/html/core/core/src/Model/Table/AppTable.php:44
- /var/www/html/core/core/plugins/Workflow/src/Model/Table/WorkflowModelsTable.php:13
- /var/www/html/core/core/vendor/cakephp/cakephp/src/ORM/Table.php:323
- /var/www/html/core/core/vendor/cakephp/cakephp/src/ORM/Locator/TableLocator.php:307
- /var/www/html/core/core/vendor/cakephp/cakephp/src/ORM/Locator/TableLocator.php:262
- /var/www/html/core/core/vendor/cakephp/cakephp/src/Datasource/Locator/AbstractLocator.php:68
- /var/www/html/core/core/vendor/cakephp/cakephp/src/ORM/Locator/TableLocator.php:205
- /var/www/html/core/core/vendor/cakephp/cakephp/src/ORM/TableRegistry.php:95
- /var/www/html/core/core/plugins/Workflow/src/Controller/Component/WorkflowComponent.php:30
- /var/www/html/core/core/vendor/cakephp/cakephp/src/Controller/Component.php:113
- /var/www/html/core/core/vendor/cakephp/cakephp/src/Controller/ComponentRegistry.php:133
- /var/www/html/core/core/vendor/cakephp/cakephp/src/Core/ObjectRegistry.php:110
- /var/www/html/core/core/vendor/cakephp/cakephp/src/Controller/Controller.php:304
- /var/www/html/core/core/src/Controller/AppController.php:168
- /var/www/html/core/core/plugins/User/src/Controller/UsersController.php:30
- /var/www/html/core/core/vendor/cakephp/cakephp/src/Controller/Controller.php:229
- [internal]:??
- /var/www/html/core/core/vendor/cakephp/cakephp/src/Controller/ControllerFactory.php:87
- /var/www/html/core/core/vendor/cakephp/cakephp/src/Http/BaseApplication.php:318
- /var/www/html/core/core/vendor/cakephp/cakephp/src/Http/Runner.php:86
- /var/www/html/core/core/vendor/cakephp/cakephp/src/Http/Middleware/BodyParserMiddleware.php:157
- /var/www/html/core/core/vendor/cakephp/cakephp/src/Http/Runner.php:82
- /var/www/html/core/core/vendor/cakephp/cakephp/src/Routing/Middleware/RoutingMiddleware.php:186
- /var/www/html/core/core/vendor/cakephp/cakephp/src/Http/Runner.php:82
- /var/www/html/core/core/vendor/cakephp/cakephp/src/Routing/Middleware/AssetMiddleware.php:68
- /var/www/html/core/core/vendor/cakephp/cakephp/src/Http/Runner.php:82
- /var/www/html/core/core/vendor/cakephp/cakephp/src/Error/Middleware/ErrorHandlerMiddleware.php:131
- /var/www/html/core/core/vendor/cakephp/cakephp/src/Http/Runner.php:82
- /var/www/html/core/core/vendor/cakephp/cakephp/src/Http/Runner.php:67
- /var/www/html/core/core/vendor/cakephp/cakephp/src/Http/Server.php:90
- /var/www/html/core/core/webroot/index.php:40

Caused by: [PDOException] SQLSTATE[HY000] [2002] No such file or directory in /var/www/html/core/core/vendor/cakephp/cakephp/src/Database/Driver.php on line 125
Stack Trace:
- /var/www/html/core/core/vendor/cakephp/cakephp/src/Database/Driver.php:125
- /var/www/html/core/core/vendor/cakephp/cakephp/src/Core/Retry/CommandRetry.php:70
- /var/www/html/core/core/vendor/cakephp/cakephp/src/Database/Driver.php:131
- /var/www/html/core/core/vendor/cakephp/cakephp/src/Database/Driver/Mysql.php:164
- /var/www/html/core/core/vendor/cakephp/cakephp/src/Database/Schema/SchemaDialect.php:51
- /var/www/html/core/core/vendor/cakephp/cakephp/src/Database/Driver/Mysql.php:216
- /var/www/html/core/core/vendor/cakephp/cakephp/src/Database/Schema/Collection.php:53
- /var/www/html/core/core/vendor/cakephp/cakephp/src/Database/Connection.php:418
- /var/www/html/core/core/vendor/cakephp/cakephp/src/ORM/Table.php:520
- /var/www/html/core/core/src/Model/Table/AppTable.php:44
- /var/www/html/core/core/plugins/Workflow/src/Model/Table/WorkflowModelsTable.php:13
- /var/www/html/core/core/vendor/cakephp/cakephp/src/ORM/Table.php:323
- /var/www/html/core/core/vendor/cakephp/cakephp/src/ORM/Locator/TableLocator.php:307
- /var/www/html/core/core/vendor/cakephp/cakephp/src/ORM/Locator/TableLocator.php:262
- /var/www/html/core/core/vendor/cakephp/cakephp/src/Datasource/Locator/AbstractLocator.php:68
- /var/www/html/core/core/vendor/cakephp/cakephp/src/ORM/Locator/TableLocator.php:205
- /var/www/html/core/core/vendor/cakephp/cakephp/src/ORM/TableRegistry.php:95
- /var/www/html/core/core/plugins/Workflow/src/Controller/Component/WorkflowComponent.php:30
- /var/www/html/core/core/vendor/cakephp/cakephp/src/Controller/Component.php:113
- /var/www/html/core/core/vendor/cakephp/cakephp/src/Controller/ComponentRegistry.php:133
- /var/www/html/core/core/vendor/cakephp/cakephp/src/Core/ObjectRegistry.php:110
- /var/www/html/core/core/vendor/cakephp/cakephp/src/Controller/Controller.php:304
- /var/www/html/core/core/src/Controller/AppController.php:168
- /var/www/html/core/core/plugins/User/src/Controller/UsersController.php:30
- /var/www/html/core/core/vendor/cakephp/cakephp/src/Controller/Controller.php:229
- [internal]:??
- /var/www/html/core/core/vendor/cakephp/cakephp/src/Controller/ControllerFactory.php:87
- /var/www/html/core/core/vendor/cakephp/cakephp/src/Http/BaseApplication.php:318
- /var/www/html/core/core/vendor/cakephp/cakephp/src/Http/Runner.php:86
- /var/www/html/core/core/vendor/cakephp/cakephp/src/Http/Middleware/BodyParserMiddleware.php:157
- /var/www/html/core/core/vendor/cakephp/cakephp/src/Http/Runner.php:82
- /var/www/html/core/core/vendor/cakephp/cakephp/src/Routing/Middleware/RoutingMiddleware.php:186
- /var/www/html/core/core/vendor/cakephp/cakephp/src/Http/Runner.php:82
- /var/www/html/core/core/vendor/cakephp/cakephp/src/Routing/Middleware/AssetMiddleware.php:68
- /var/www/html/core/core/vendor/cakephp/cakephp/src/Http/Runner.php:82
- /var/www/html/core/core/vendor/cakephp/cakephp/src/Error/Middleware/ErrorHandlerMiddleware.php:131
- /var/www/html/core/core/vendor/cakephp/cakephp/src/Http/Runner.php:82
- /var/www/html/core/core/vendor/cakephp/cakephp/src/Http/Runner.php:67
- /var/www/html/core/core/vendor/cakephp/cakephp/src/Http/Server.php:90
- /var/www/html/core/core/webroot/index.php:40

Request URL: /
Client IP: 172.20.0.1
2024-01-22 14:12:01 error: [Cake\Database\Exception\MissingConnectionException] Connection to Mysql could not be established: SQLSTATE[HY000] [2002] No such file or directory in /var/www/html/core/core/vendor/cakephp/cakephp/src/Database/Driver.php on line 133
Stack Trace:
- /var/www/html/core/core/vendor/cakephp/cakephp/src/Database/Driver/Mysql.php:164
- /var/www/html/core/core/vendor/cakephp/cakephp/src/Database/Schema/SchemaDialect.php:51
- /var/www/html/core/core/vendor/cakephp/cakephp/src/Database/Driver/Mysql.php:216
- /var/www/html/core/core/vendor/cakephp/cakephp/src/Database/Schema/Collection.php:53
- /var/www/html/core/core/vendor/cakephp/cakephp/src/Database/Connection.php:418
- /var/www/html/core/core/vendor/cakephp/cakephp/src/ORM/Table.php:520
- /var/www/html/core/core/src/Model/Table/AppTable.php:44
- /var/www/html/core/core/plugins/Workflow/src/Model/Table/WorkflowModelsTable.php:13
- /var/www/html/core/core/vendor/cakephp/cakephp/src/ORM/Table.php:323
- /var/www/html/core/core/vendor/cakephp/cakephp/src/ORM/Locator/TableLocator.php:307
- /var/www/html/core/core/vendor/cakephp/cakephp/src/ORM/Locator/TableLocator.php:262
- /var/www/html/core/core/vendor/cakephp/cakephp/src/Datasource/Locator/AbstractLocator.php:68
- /var/www/html/core/core/vendor/cakephp/cakephp/src/ORM/Locator/TableLocator.php:205
- /var/www/html/core/core/vendor/cakephp/cakephp/src/ORM/TableRegistry.php:95
- /var/www/html/core/core/plugins/Workflow/src/Controller/Component/WorkflowComponent.php:30
- /var/www/html/core/core/vendor/cakephp/cakephp/src/Controller/Component.php:113
- /var/www/html/core/core/vendor/cakephp/cakephp/src/Controller/ComponentRegistry.php:133
- /var/www/html/core/core/vendor/cakephp/cakephp/src/Core/ObjectRegistry.php:110
- /var/www/html/core/core/vendor/cakephp/cakephp/src/Controller/Controller.php:304
- /var/www/html/core/core/src/Controller/AppController.php:168
- /var/www/html/core/core/plugins/User/src/Controller/UsersController.php:30
- /var/www/html/core/core/vendor/cakephp/cakephp/src/Controller/Controller.php:229
- [internal]:??
- /var/www/html/core/core/vendor/cakephp/cakephp/src/Controller/ControllerFactory.php:87
- /var/www/html/core/core/vendor/cakephp/cakephp/src/Http/BaseApplication.php:318
- /var/www/html/core/core/vendor/cakephp/cakephp/src/Http/Runner.php:86
- /var/www/html/core/core/vendor/cakephp/cakephp/src/Http/Middleware/BodyParserMiddleware.php:157
- /var/www/html/core/core/vendor/cakephp/cakephp/src/Http/Runner.php:82
- /var/www/html/core/core/vendor/cakephp/cakephp/src/Routing/Middleware/RoutingMiddleware.php:186
- /var/www/html/core/core/vendor/cakephp/cakephp/src/Http/Runner.php:82
- /var/www/html/core/core/vendor/cakephp/cakephp/src/Routing/Middleware/AssetMiddleware.php:68
- /var/www/html/core/core/vendor/cakephp/cakephp/src/Http/Runner.php:82
- /var/www/html/core/core/vendor/cakephp/cakephp/src/Error/Middleware/ErrorHandlerMiddleware.php:131
- /var/www/html/core/core/vendor/cakephp/cakephp/src/Http/Runner.php:82
- /var/www/html/core/core/vendor/cakephp/cakephp/src/Http/Runner.php:67
- /var/www/html/core/core/vendor/cakephp/cakephp/src/Http/Server.php:90
- /var/www/html/core/core/webroot/index.php:40

Caused by: [PDOException] SQLSTATE[HY000] [2002] No such file or directory in /var/www/html/core/core/vendor/cakephp/cakephp/src/Database/Driver.php on line 125
Stack Trace:
- /var/www/html/core/core/vendor/cakephp/cakephp/src/Database/Driver.php:125
- /var/www/html/core/core/vendor/cakephp/cakephp/src/Core/Retry/CommandRetry.php:70
- /var/www/html/core/core/vendor/cakephp/cakephp/src/Database/Driver.php:131
- /var/www/html/core/core/vendor/cakephp/cakephp/src/Database/Driver/Mysql.php:164
- /var/www/html/core/core/vendor/cakephp/cakephp/src/Database/Schema/SchemaDialect.php:51
- /var/www/html/core/core/vendor/cakephp/cakephp/src/Database/Driver/Mysql.php:216
- /var/www/html/core/core/vendor/cakephp/cakephp/src/Database/Schema/Collection.php:53
- /var/www/html/core/core/vendor/cakephp/cakephp/src/Database/Connection.php:418
- /var/www/html/core/core/vendor/cakephp/cakephp/src/ORM/Table.php:520
- /var/www/html/core/core/src/Model/Table/AppTable.php:44
- /var/www/html/core/core/plugins/Workflow/src/Model/Table/WorkflowModelsTable.php:13
- /var/www/html/core/core/vendor/cakephp/cakephp/src/ORM/Table.php:323
- /var/www/html/core/core/vendor/cakephp/cakephp/src/ORM/Locator/TableLocator.php:307
- /var/www/html/core/core/vendor/cakephp/cakephp/src/ORM/Locator/TableLocator.php:262
- /var/www/html/core/core/vendor/cakephp/cakephp/src/Datasource/Locator/AbstractLocator.php:68
- /var/www/html/core/core/vendor/cakephp/cakephp/src/ORM/Locator/TableLocator.php:205
- /var/www/html/core/core/vendor/cakephp/cakephp/src/ORM/TableRegistry.php:95
- /var/www/html/core/core/plugins/Workflow/src/Controller/Component/WorkflowComponent.php:30
- /var/www/html/core/core/vendor/cakephp/cakephp/src/Controller/Component.php:113
- /var/www/html/core/core/vendor/cakephp/cakephp/src/Controller/ComponentRegistry.php:133
- /var/www/html/core/core/vendor/cakephp/cakephp/src/Core/ObjectRegistry.php:110
- /var/www/html/core/core/vendor/cakephp/cakephp/src/Controller/Controller.php:304
- /var/www/html/core/core/src/Controller/AppController.php:168
- /var/www/html/core/core/plugins/User/src/Controller/UsersController.php:30
- /var/www/html/core/core/vendor/cakephp/cakephp/src/Controller/Controller.php:229
- [internal]:??
- /var/www/html/core/core/vendor/cakephp/cakephp/src/Controller/ControllerFactory.php:87
- /var/www/html/core/core/vendor/cakephp/cakephp/src/Http/BaseApplication.php:318
- /var/www/html/core/core/vendor/cakephp/cakephp/src/Http/Runner.php:86
- /var/www/html/core/core/vendor/cakephp/cakephp/src/Http/Middleware/BodyParserMiddleware.php:157
- /var/www/html/core/core/vendor/cakephp/cakephp/src/Http/Runner.php:82
- /var/www/html/core/core/vendor/cakephp/cakephp/src/Routing/Middleware/RoutingMiddleware.php:186
- /var/www/html/core/core/vendor/cakephp/cakephp/src/Http/Runner.php:82
- /var/www/html/core/core/vendor/cakephp/cakephp/src/Routing/Middleware/AssetMiddleware.php:68
- /var/www/html/core/core/vendor/cakephp/cakephp/src/Http/Runner.php:82
- /var/www/html/core/core/vendor/cakephp/cakephp/src/Error/Middleware/ErrorHandlerMiddleware.php:131
- /var/www/html/core/core/vendor/cakephp/cakephp/src/Http/Runner.php:82
- /var/www/html/core/core/vendor/cakephp/cakephp/src/Http/Runner.php:67
- /var/www/html/core/core/vendor/cakephp/cakephp/src/Http/Server.php:90
- /var/www/html/core/core/webroot/index.php:40

Request URL: /
Client IP: 172.20.0.1
